Archive member included to satisfy reference by file (symbol)

c:/ac6/systemworkbench/plugins/fr.ac6.mcu.externaltools.arm-none.win32_1.13.1.201701261202/tools/compiler/bin/../lib/gcc/arm-none-eabi/5.4.1/../../../../arm-none-eabi/lib/armv7-m\libc_nano.a(lib_a-exit.o)
                              c:/ac6/systemworkbench/plugins/fr.ac6.mcu.externaltools.arm-none.win32_1.13.1.201701261202/tools/compiler/bin/../lib/gcc/arm-none-eabi/5.4.1/../../../../arm-none-eabi/lib/armv7-m/crt0.o (exit)
c:/ac6/systemworkbench/plugins/fr.ac6.mcu.externaltools.arm-none.win32_1.13.1.201701261202/tools/compiler/bin/../lib/gcc/arm-none-eabi/5.4.1/../../../../arm-none-eabi/lib/armv7-m\libc_nano.a(lib_a-impure.o)
                              c:/ac6/systemworkbench/plugins/fr.ac6.mcu.externaltools.arm-none.win32_1.13.1.201701261202/tools/compiler/bin/../lib/gcc/arm-none-eabi/5.4.1/../../../../arm-none-eabi/lib/armv7-m\libc_nano.a(lib_a-exit.o) (_global_impure_ptr)
c:/ac6/systemworkbench/plugins/fr.ac6.mcu.externaltools.arm-none.win32_1.13.1.201701261202/tools/compiler/bin/../lib/gcc/arm-none-eabi/5.4.1/../../../../arm-none-eabi/lib/armv7-m\libc_nano.a(lib_a-init.o)
                              c:/ac6/systemworkbench/plugins/fr.ac6.mcu.externaltools.arm-none.win32_1.13.1.201701261202/tools/compiler/bin/../lib/gcc/arm-none-eabi/5.4.1/../../../../arm-none-eabi/lib/armv7-m/crt0.o (__libc_init_array)
c:/ac6/systemworkbench/plugins/fr.ac6.mcu.externaltools.arm-none.win32_1.13.1.201701261202/tools/compiler/bin/../lib/gcc/arm-none-eabi/5.4.1/../../../../arm-none-eabi/lib/armv7-m\libc_nano.a(lib_a-memset.o)
                              c:/ac6/systemworkbench/plugins/fr.ac6.mcu.externaltools.arm-none.win32_1.13.1.201701261202/tools/compiler/bin/../lib/gcc/arm-none-eabi/5.4.1/../../../../arm-none-eabi/lib/armv7-m/crt0.o (memset)
c:/ac6/systemworkbench/plugins/fr.ac6.mcu.externaltools.arm-none.win32_1.13.1.201701261202/tools/compiler/bin/../lib/gcc/arm-none-eabi/5.4.1/../../../../arm-none-eabi/lib/armv7-m\libnosys.a(_exit.o)
                              c:/ac6/systemworkbench/plugins/fr.ac6.mcu.externaltools.arm-none.win32_1.13.1.201701261202/tools/compiler/bin/../lib/gcc/arm-none-eabi/5.4.1/../../../../arm-none-eabi/lib/armv7-m\libc_nano.a(lib_a-exit.o) (_exit)

Allocating common symbols
Common symbol       size              file

pFlash              0x20              Drivers/STM32F1xx_HAL_Driver/stm32f1xx_hal_flash.o

Discarded input sections

 .text          0x00000000        0x0 c:/ac6/systemworkbench/plugins/fr.ac6.mcu.externaltools.arm-none.win32_1.13.1.201701261202/tools/compiler/bin/../lib/gcc/arm-none-eabi/5.4.1/armv7-m/crti.o
 .data          0x00000000        0x0 c:/ac6/systemworkbench/plugins/fr.ac6.mcu.externaltools.arm-none.win32_1.13.1.201701261202/tools/compiler/bin/../lib/gcc/arm-none-eabi/5.4.1/armv7-m/crti.o
 .bss           0x00000000        0x0 c:/ac6/systemworkbench/plugins/fr.ac6.mcu.externaltools.arm-none.win32_1.13.1.201701261202/tools/compiler/bin/../lib/gcc/arm-none-eabi/5.4.1/armv7-m/crti.o
 .data          0x00000000        0x4 c:/ac6/systemworkbench/plugins/fr.ac6.mcu.externaltools.arm-none.win32_1.13.1.201701261202/tools/compiler/bin/../lib/gcc/arm-none-eabi/5.4.1/armv7-m/crtbegin.o
 .text          0x00000000       0x74 c:/ac6/systemworkbench/plugins/fr.ac6.mcu.externaltools.arm-none.win32_1.13.1.201701261202/tools/compiler/bin/../lib/gcc/arm-none-eabi/5.4.1/../../../../arm-none-eabi/lib/armv7-m/crt0.o
 .data          0x00000000        0x0 c:/ac6/systemworkbench/plugins/fr.ac6.mcu.externaltools.arm-none.win32_1.13.1.201701261202/tools/compiler/bin/../lib/gcc/arm-none-eabi/5.4.1/../../../../arm-none-eabi/lib/armv7-m/crt0.o
 .bss           0x00000000        0x0 c:/ac6/systemworkbench/plugins/fr.ac6.mcu.externaltools.arm-none.win32_1.13.1.201701261202/tools/compiler/bin/../lib/gcc/arm-none-eabi/5.4.1/../../../../arm-none-eabi/lib/armv7-m/crt0.o
 .ARM.extab     0x00000000        0x0 c:/ac6/systemworkbench/plugins/fr.ac6.mcu.externaltools.arm-none.win32_1.13.1.201701261202/tools/compiler/bin/../lib/gcc/arm-none-eabi/5.4.1/../../../../arm-none-eabi/lib/armv7-m/crt0.o
 .ARM.exidx     0x00000000        0x8 c:/ac6/systemworkbench/plugins/fr.ac6.mcu.externaltools.arm-none.win32_1.13.1.201701261202/tools/compiler/bin/../lib/gcc/arm-none-eabi/5.4.1/../../../../arm-none-eabi/lib/armv7-m/crt0.o
 .ARM.attributes
                0x00000000       0x1b c:/ac6/systemworkbench/plugins/fr.ac6.mcu.externaltools.arm-none.win32_1.13.1.201701261202/tools/compiler/bin/../lib/gcc/arm-none-eabi/5.4.1/../../../../arm-none-eabi/lib/armv7-m/crt0.o
 .text          0x00000000       0x14 Application/SW4STM32/startup_stm32f103xb.o
 .data          0x00000000        0x0 Application/SW4STM32/startup_stm32f103xb.o
 .bss           0x00000000        0x0 Application/SW4STM32/startup_stm32f103xb.o
 .group         0x00000000        0x8 Application/User/main.o
 .group         0x00000000        0x8 Application/User/main.o
[...]
Memory Configuration

Name             Origin             Length             Attributes
RAM              0x20000000         0x00005000         xrw
FLASH            0x08000000         0x00020000         xr
*default*        0x00000000         0xffffffff

Linker script and memory map

LOAD c:/ac6/systemworkbench/plugins/fr.ac6.mcu.externaltools.arm-none.win32_1.13.1.201701261202/tools/compiler/bin/../lib/gcc/arm-none-eabi/5.4.1/armv7-m/crti.o
LOAD c:/ac6/systemworkbench/plugins/fr.ac6.mcu.externaltools.arm-none.win32_1.13.1.201701261202/tools/compiler/bin/../lib/gcc/arm-none-eabi/5.4.1/armv7-m/crtbegin.o
LOAD c:/ac6/systemworkbench/plugins/fr.ac6.mcu.externaltools.arm-none.win32_1.13.1.201701261202/tools/compiler/bin/../lib/gcc/arm-none-eabi/5.4.1/../../../../arm-none-eabi/lib/armv7-m/crt0.o
LOAD c:/ac6/systemworkbench/plugins/fr.ac6.mcu.externaltools.arm-none.win32_1.13.1.201701261202/tools/compiler/bin/../lib/gcc/arm-none-eabi/5.4.1/../../../../arm-none-eabi/lib/armv7-m\libm.a
LOAD Application/SW4STM32/startup_stm32f103xb.o
LOAD Application/User/main.o
LOAD Application/User/stm32f1xx_hal_msp.o
LOAD Application/User/stm32f1xx_it.o
LOAD Drivers/CMSIS/system_stm32f1xx.o
LOAD Drivers/STM32F1xx_HAL_Driver/stm32f1xx_hal.o
LOAD Drivers/STM32F1xx_HAL_Driver/stm32f1xx_hal_cortex.o
LOAD Drivers/STM32F1xx_HAL_Driver/stm32f1xx_hal_dma.o
LOAD Drivers/STM32F1xx_HAL_Driver/stm32f1xx_hal_flash.o
LOAD Drivers/STM32F1xx_HAL_Driver/stm32f1xx_hal_flash_ex.o
LOAD Drivers/STM32F1xx_HAL_Driver/stm32f1xx_hal_gpio.o
LOAD Drivers/STM32F1xx_HAL_Driver/stm32f1xx_hal_gpio_ex.o
LOAD Drivers/STM32F1xx_HAL_Driver/stm32f1xx_hal_pwr.o
LOAD Drivers/STM32F1xx_HAL_Driver/stm32f1xx_hal_rcc.o
LOAD Drivers/STM32F1xx_HAL_Driver/stm32f1xx_hal_rcc_ex.o
LOAD Drivers/STM32F1xx_HAL_Driver/stm32f1xx_hal_tim.o
LOAD Drivers/STM32F1xx_HAL_Driver/stm32f1xx_hal_tim_ex.o
START GROUP
LOAD c:/ac6/systemworkbench/plugins/fr.ac6.mcu.externaltools.arm-none.win32_1.13.1.201701261202/tools/compiler/bin/../lib/gcc/arm-none-eabi/5.4.1/armv7-m\libgcc.a
LOAD c:/ac6/systemworkbench/plugins/fr.ac6.mcu.externaltools.arm-none.win32_1.13.1.201701261202/tools/compiler/bin/../lib/gcc/arm-none-eabi/5.4.1/../../../../arm-none-eabi/lib/armv7-m\libc_nano.a
END GROUP
START GROUP
LOAD c:/ac6/systemworkbench/plugins/fr.ac6.mcu.externaltools.arm-none.win32_1.13.1.201701261202/tools/compiler/bin/../lib/gcc/arm-none-eabi/5.4.1/armv7-m\libgcc.a
LOAD c:/ac6/systemworkbench/plugins/fr.ac6.mcu.externaltools.arm-none.win32_1.13.1.201701261202/tools/compiler/bin/../lib/gcc/arm-none-eabi/5.4.1/../../../../arm-none-eabi/lib/armv7-m\libc_nano.a
LOAD c:/ac6/systemworkbench/plugins/fr.ac6.mcu.externaltools.arm-none.win32_1.13.1.201701261202/tools/compiler/bin/../lib/gcc/arm-none-eabi/5.4.1/../../../../arm-none-eabi/lib/armv7-m\libnosys.a
END GROUP
START GROUP
LOAD c:/ac6/systemworkbench/plugins/fr.ac6.mcu.externaltools.arm-none.win32_1.13.1.201701261202/tools/compiler/bin/../lib/gcc/arm-none-eabi/5.4.1/armv7-m\libgcc.a
LOAD c:/ac6/systemworkbench/plugins/fr.ac6.mcu.externaltools.arm-none.win32_1.13.1.201701261202/tools/compiler/bin/../lib/gcc/arm-none-eabi/5.4.1/../../../../arm-none-eabi/lib/armv7-m\libc_nano.a
LOAD c:/ac6/systemworkbench/plugins/fr.ac6.mcu.externaltools.arm-none.win32_1.13.1.201701261202/tools/compiler/bin/../lib/gcc/arm-none-eabi/5.4.1/../../../../arm-none-eabi/lib/armv7-m\libnosys.a
END GROUP
LOAD c:/ac6/systemworkbench/plugins/fr.ac6.mcu.externaltools.arm-none.win32_1.13.1.201701261202/tools/compiler/bin/../lib/gcc/arm-none-eabi/5.4.1/armv7-m/crtend.o
LOAD c:/ac6/systemworkbench/plugins/fr.ac6.mcu.externaltools.arm-none.win32_1.13.1.201701261202/tools/compiler/bin/../lib/gcc/arm-none-eabi/5.4.1/armv7-m/crtn.o
                0x20005000                _estack = 0x20005000
                0x00000200                _Min_Heap_Size = 0x200
                0x00000400                _Min_Stack_Size = 0x400

.isr_vector     0x08000000      0x10c
                0x08000000                . = ALIGN (0x4)
 *(.isr_vector)
 .isr_vector    0x08000000      0x10c Application/SW4STM32/startup_stm32f103xb.o
                0x08000000                g_pfnVectors
                0x0800010c                . = ALIGN (0x4)

.text           0x0800010c      0xef8
                0x0800010c                . = ALIGN (0x4)
 *(.text)
 .text          0x0800010c       0x5c c:/ac6/systemworkbench/plugins/fr.ac6.mcu.externaltools.arm-none.win32_1.13.1.201701261202/tools/compiler/bin/../lib/gcc/arm-none-eabi/5.4.1/armv7-m/crtbegin.o
 *(.text*)
 .text.Reset_Handler
                0x08000168       0x48 Application/SW4STM32/startup_stm32f103xb.o
                0x08000168                Reset_Handler
 .text.Default_Handler
                0x080001b0        0x2 Application/SW4STM32/startup_stm32f103xb.o
                0x080001b0                RTC_Alarm_IRQHandler
                0x080001b0                EXTI2_IRQHandler
                0x080001b0                TIM1_CC_IRQHandler
                0x080001b0                PVD_IRQHandler
                0x080001b0                EXTI3_IRQHandler
                0x080001b0                EXTI0_IRQHandler
                0x080001b0                I2C2_EV_IRQHandler
                0x080001b0                ADC1_2_IRQHandler
                0x080001b0                SPI1_IRQHandler
                0x080001b0                TAMPER_IRQHandler
                0x080001b0                DMA1_Channel4_IRQHandler
                0x080001b0                USART3_IRQHandler
                0x080001b0                RTC_IRQHandler
                0x080001b0                DMA1_Channel7_IRQHandler
                0x080001b0                CAN1_RX1_IRQHandler
                0x080001b0                TIM4_IRQHandler
                0x080001b0                I2C1_EV_IRQHandler
                0x080001b0                DMA1_Channel6_IRQHandler
                0x080001b0                TIM3_IRQHandler
                0x080001b0                RCC_IRQHandler
                0x080001b0                TIM1_TRG_COM_IRQHandler
                0x080001b0                DMA1_Channel1_IRQHandler
                0x080001b0                Default_Handler
                0x080001b0                EXTI15_10_IRQHandler
                0x080001b0                EXTI9_5_IRQHandler
                0x080001b0                SPI2_IRQHandler
                0x080001b0                DMA1_Channel5_IRQHandler
                0x080001b0                EXTI4_IRQHandler
                0x080001b0                USB_LP_CAN1_RX0_IRQHandler
                0x080001b0                USB_HP_CAN1_TX_IRQHandler
                0x080001b0                DMA1_Channel3_IRQHandler
                0x080001b0                TIM1_UP_IRQHandler
                0x080001b0                WWDG_IRQHandler
                0x080001b0                TIM2_IRQHandler
                0x080001b0                TIM1_BRK_IRQHandler
                0x080001b0                EXTI1_IRQHandler
                0x080001b0                USART2_IRQHandler
                0x080001b0                I2C2_ER_IRQHandler
                0x080001b0                DMA1_Channel2_IRQHandler
                0x080001b0                CAN1_SCE_IRQHandler
                0x080001b0                FLASH_IRQHandler
                0x080001b0                USART1_IRQHandler
                0x080001b0                I2C1_ER_IRQHandler
                0x080001b0                USBWakeUp_IRQHandler
 *fill*         0x080001b2        0x2 
 .text.MX_GPIO_Init
                0x080001b4       0x6c Application/User/main.o
 .text.Error_Handler
                0x08000220        0x4 Application/User/main.o
                0x08000220                Error_Handler
 .text.SystemClock_Config
                0x08000224       0x78 Application/User/main.o
                0x08000224                SystemClock_Config
 .text.main     0x0800029c       0x3c Application/User/main.o
                0x0800029c                main
 .text.HAL_MspInit
                0x080002d8       0x90 Application/User/stm32f1xx_hal_msp.o
                0x080002d8                HAL_MspInit
 .text.NMI_Handler
                0x08000368        0x4 Application/User/stm32f1xx_it.o
                0x08000368                NMI_Handler
 .text.HardFault_Handler
                0x0800036c        0x4 Application/User/stm32f1xx_it.o
                0x0800036c                HardFault_Handler
 .text.MemManage_Handler
                0x08000370        0x4 Application/User/stm32f1xx_it.o
                0x08000370                MemManage_Handler
 .text.BusFault_Handler
                0x08000374        0x4 Application/User/stm32f1xx_it.o
                0x08000374                BusFault_Handler
 .text.UsageFault_Handler
                0x08000378        0x4 Application/User/stm32f1xx_it.o
                0x08000378                UsageFault_Handler
 .text.SVC_Handler
                0x0800037c        0x4 Application/User/stm32f1xx_it.o
                0x0800037c                SVC_Handler
 .text.DebugMon_Handler
                0x08000380        0x4 Application/User/stm32f1xx_it.o
                0x08000380                DebugMon_Handler
 .text.PendSV_Handler
                0x08000384        0x4 Application/User/stm32f1xx_it.o
                0x08000384                PendSV_Handler
 .text.SysTick_Handler
                0x08000388        0xc Application/User/stm32f1xx_it.o
                0x08000388                SysTick_Handler
 .text.SystemInit
                0x08000394       0x4c Drivers/CMSIS/system_stm32f1xx.o
                0x08000394                SystemInit
 .text.HAL_InitTick
                0x080003e0       0x28 Drivers/STM32F1xx_HAL_Driver/stm32f1xx_hal.o
                0x080003e0                HAL_InitTick
 .text.HAL_Init
                0x08000408       0x24 Drivers/STM32F1xx_HAL_Driver/stm32f1xx_hal.o
                0x08000408                HAL_Init
 .text.HAL_IncTick
                0x0800042c       0x10 Drivers/STM32F1xx_HAL_Driver/stm32f1xx_hal.o
                0x0800042c                HAL_IncTick
 .text.HAL_GetTick
                0x0800043c        0xc Drivers/STM32F1xx_HAL_Driver/stm32f1xx_hal.o
                0x0800043c                HAL_GetTick
 .text.HAL_Delay
                0x08000448       0x1c Drivers/STM32F1xx_HAL_Driver/stm32f1xx_hal.o
                0x08000448                HAL_Delay
 .text.HAL_NVIC_SetPriorityGrouping
                0x08000464       0x24 Drivers/STM32F1xx_HAL_Driver/stm32f1xx_hal_cortex.o
                0x08000464                HAL_NVIC_SetPriorityGrouping
 .text.HAL_NVIC_SetPriority
                0x08000488       0x64 Drivers/STM32F1xx_HAL_Driver/stm32f1xx_hal_cortex.o
                0x08000488                HAL_NVIC_SetPriority
 .text.HAL_SYSTICK_Config
                0x080004ec       0x2c Drivers/STM32F1xx_HAL_Driver/stm32f1xx_hal_cortex.o
                0x080004ec                HAL_SYSTICK_Config
 .text.HAL_SYSTICK_CLKSourceConfig
                0x08000518       0x20 Drivers/STM32F1xx_HAL_Driver/stm32f1xx_hal_cortex.o
                0x08000518                HAL_SYSTICK_CLKSourceConfig
 .text.HAL_SYSTICK_Callback
                0x08000538        0x4 Drivers/STM32F1xx_HAL_Driver/stm32f1xx_hal_cortex.o
                0x08000538                HAL_SYSTICK_Callback
 .text.HAL_SYSTICK_IRQHandler
                0x0800053c        0x8 Drivers/STM32F1xx_HAL_Driver/stm32f1xx_hal_cortex.o
                0x0800053c                HAL_SYSTICK_IRQHandler
 .text.HAL_GPIO_Init
                0x08000544      0x1d8 Drivers/STM32F1xx_HAL_Driver/stm32f1xx_hal_gpio.o
                0x08000544                HAL_GPIO_Init
 .text.HAL_GPIO_WritePin
                0x0800071c        0xc Drivers/STM32F1xx_HAL_Driver/stm32f1xx_hal_gpio.o
                0x0800071c                HAL_GPIO_WritePin
 .text.HAL_GPIO_TogglePin
                0x08000728        0x8 Drivers/STM32F1xx_HAL_Driver/stm32f1xx_hal_gpio.o
                0x08000728                HAL_GPIO_TogglePin
 .text.HAL_RCC_OscConfig
                0x08000730      0x5ec Drivers/STM32F1xx_HAL_Driver/stm32f1xx_hal_rcc.o
                0x08000730                HAL_RCC_OscConfig
 .text.HAL_RCC_GetSysClockFreq
                0x08000d1c       0x94 Drivers/STM32F1xx_HAL_Driver/stm32f1xx_hal_rcc.o
                0x08000d1c                HAL_RCC_GetSysClockFreq
 .text.HAL_RCC_ClockConfig
                0x08000db0      0x1e4 Drivers/STM32F1xx_HAL_Driver/stm32f1xx_hal_rcc.o
                0x08000db0                HAL_RCC_ClockConfig
 .text.HAL_RCC_GetHCLKFreq
                0x08000f94        0xc Drivers/STM32F1xx_HAL_Driver/stm32f1xx_hal_rcc.o
                0x08000f94                HAL_RCC_GetHCLKFreq
 .text.__libc_init_array
                0x08000fa0       0x4c c:/ac6/systemworkbench/plugins/fr.ac6.mcu.externaltools.arm-none.win32_1.13.1.201701261202/tools/compiler/bin/../lib/gcc/arm-none-eabi/5.4.1/../../../../arm-none-eabi/lib/armv7-m\libc_nano.a(lib_a-init.o)
                0x08000fa0                __libc_init_array
 *(.glue_7)
 .glue_7        0x08000fec        0x0 linker stubs
 *(.glue_7t)
 .glue_7t       0x08000fec        0x0 linker stubs
 *(.eh_frame)
 .eh_frame      0x08000fec        0x0 c:/ac6/systemworkbench/plugins/fr.ac6.mcu.externaltools.arm-none.win32_1.13.1.201701261202/tools/compiler/bin/../lib/gcc/arm-none-eabi/5.4.1/armv7-m/crtbegin.o
 *(.init)
 .init          0x08000fec        0x4 c:/ac6/systemworkbench/plugins/fr.ac6.mcu.externaltools.arm-none.win32_1.13.1.201701261202/tools/compiler/bin/../lib/gcc/arm-none-eabi/5.4.1/armv7-m/crti.o
                0x08000fec                _init
 .init          0x08000ff0        0x8 c:/ac6/systemworkbench/plugins/fr.ac6.mcu.externaltools.arm-none.win32_1.13.1.201701261202/tools/compiler/bin/../lib/gcc/arm-none-eabi/5.4.1/armv7-m/crtn.o
 *(.fini)
 .fini          0x08000ff8        0x4 c:/ac6/systemworkbench/plugins/fr.ac6.mcu.externaltools.arm-none.win32_1.13.1.201701261202/tools/compiler/bin/../lib/gcc/arm-none-eabi/5.4.1/armv7-m/crti.o
                0x08000ff8                _fini
 .fini          0x08000ffc        0x8 c:/ac6/systemworkbench/plugins/fr.ac6.mcu.externaltools.arm-none.win32_1.13.1.201701261202/tools/compiler/bin/../lib/gcc/arm-none-eabi/5.4.1/armv7-m/crtn.o
                0x08001004                . = ALIGN (0x4)
                0x08001004                _etext = .

.vfp11_veneer   0x08001004        0x0
 .vfp11_veneer  0x08001004        0x0 linker stubs

.v4_bx          0x08001004        0x0
 .v4_bx         0x08001004        0x0 linker stubs

.iplt           0x08001004        0x0
 .iplt          0x08001004        0x0 c:/ac6/systemworkbench/plugins/fr.ac6.mcu.externaltools.arm-none.win32_1.13.1.201701261202/tools/compiler/bin/../lib/gcc/arm-none-eabi/5.4.1/armv7-m/crtbegin.o

.rodata         0x08001004       0x2c
                0x08001004                . = ALIGN (0x4)
 *(.rodata)
 .rodata        0x08001004       0x18 Drivers/CMSIS/system_stm32f1xx.o
                0x08001004                AHBPrescTable
                0x08001014                APBPrescTable
 .rodata        0x0800101c       0x12 Drivers/STM32F1xx_HAL_Driver/stm32f1xx_hal_rcc.o
 *(.rodata*)
                0x08001030                . = ALIGN (0x4)
 *fill*         0x0800102e        0x2 

.rel.dyn        0x08001030        0x0
 .rel.iplt      0x08001030        0x0 c:/ac6/systemworkbench/plugins/fr.ac6.mcu.externaltools.arm-none.win32_1.13.1.201701261202/tools/compiler/bin/../lib/gcc/arm-none-eabi/5.4.1/armv7-m/crtbegin.o

.ARM.extab
 *(.ARM.extab* .gnu.linkonce.armextab.*)

.ARM            0x08001030        0x0
                0x08001030                __exidx_start = .
 *(.ARM.exidx*)
                0x08001030                __exidx_end = .

.preinit_array  0x08001030        0x0
                0x08001030                PROVIDE (__preinit_array_start, .)
 *(.preinit_array*)
                0x08001030                PROVIDE (__preinit_array_end, .)

.init_array     0x08001030        0x4
                0x08001030                PROVIDE (__init_array_start, .)
 *(SORT(.init_array.*))
 *(.init_array*)
 .init_array    0x08001030        0x4 c:/ac6/systemworkbench/plugins/fr.ac6.mcu.externaltools.arm-none.win32_1.13.1.201701261202/tools/compiler/bin/../lib/gcc/arm-none-eabi/5.4.1/armv7-m/crtbegin.o
                0x08001034                PROVIDE (__init_array_end, .)

.fini_array     0x08001034        0x4
                [!provide]                PROVIDE (__fini_array_start, .)
 *(SORT(.fini_array.*))
 *(.fini_array*)
 .fini_array    0x08001034        0x4 c:/ac6/systemworkbench/plugins/fr.ac6.mcu.externaltools.arm-none.win32_1.13.1.201701261202/tools/compiler/bin/../lib/gcc/arm-none-eabi/5.4.1/armv7-m/crtbegin.o
                [!provide]                PROVIDE (__fini_array_end, .)
                0x08001038                _sidata = LOADADDR (.data)

.data           0x20000000        0x4 load address 0x08001038
                0x20000000                . = ALIGN (0x4)
                0x20000000                _sdata = .
 *(.data)
 .data          0x20000000        0x4 Drivers/CMSIS/system_stm32f1xx.o
                0x20000000                SystemCoreClock
 *(.data*)
                0x20000004                . = ALIGN (0x4)
                0x20000004                _edata = .

.jcr            0x20000004        0x0 load address 0x0800103c
 .jcr           0x20000004        0x0 c:/ac6/systemworkbench/plugins/fr.ac6.mcu.externaltools.arm-none.win32_1.13.1.201701261202/tools/compiler/bin/../lib/gcc/arm-none-eabi/5.4.1/armv7-m/crtbegin.o

.igot.plt       0x20000004        0x0 load address 0x0800103c
 .igot.plt      0x20000004        0x0 c:/ac6/systemworkbench/plugins/fr.ac6.mcu.externaltools.arm-none.win32_1.13.1.201701261202/tools/compiler/bin/../lib/gcc/arm-none-eabi/5.4.1/armv7-m/crtbegin.o
                0x20000004                . = ALIGN (0x4)

.bss            0x20000004       0x20 load address 0x0800103c
                0x20000004                _sbss = .
                0x20000004                __bss_start__ = _sbss
 *(.bss)
 .bss           0x20000004       0x1c c:/ac6/systemworkbench/plugins/fr.ac6.mcu.externaltools.arm-none.win32_1.13.1.201701261202/tools/compiler/bin/../lib/gcc/arm-none-eabi/5.4.1/armv7-m/crtbegin.o
 .bss           0x20000020        0x4 Drivers/STM32F1xx_HAL_Driver/stm32f1xx_hal.o
 *(.bss*)
 *(COMMON)
                0x20000024                . = ALIGN (0x4)
                0x20000024                _ebss = .
                0x20000024                __bss_end__ = _ebss

._user_heap_stack
                0x20000024      0x604 load address 0x0800103c
                0x20000028                . = ALIGN (0x8)
 *fill*         0x20000024        0x4 
                [!provide]                PROVIDE (end, .)
                [!provide]                PROVIDE (_end, .)
                0x20000228                . = (. + _Min_Heap_Size)
 *fill*         0x20000028      0x200 
                0x20000628                . = (. + _Min_Stack_Size)
 *fill*         0x20000228      0x400 
                0x20000628                . = ALIGN (0x8)

/DISCARD/
 libc.a(*)
 libm.a(*)
 libgcc.a(*)

.ARM.attributes
                0x00000000       0x29
 *(.ARM.attributes)
 .ARM.attributes
                0x00000000       0x1d c:/ac6/systemworkbench/plugins/fr.ac6.mcu.externaltools.arm-none.win32_1.13.1.201701261202/tools/compiler/bin/../lib/gcc/arm-none-eabi/5.4.1/armv7-m/crti.o
 .ARM.attributes
                0x0000001d       0x2d c:/ac6/systemworkbench/plugins/fr.ac6.mcu.externaltools.arm-none.win32_1.13.1.201701261202/tools/compiler/bin/../lib/gcc/arm-none-eabi/5.4.1/armv7-m/crtbegin.o
 .ARM.attributes
                0x0000004a       0x21 Application/SW4STM32/startup_stm32f103xb.o
 .ARM.attributes
                0x0000006b       0x33 Application/User/main.o
 .ARM.attributes
                0x0000009e       0x33 Application/User/stm32f1xx_hal_msp.o
 .ARM.attributes
                0x000000d1       0x33 Application/User/stm32f1xx_it.o
 .ARM.attributes
                0x00000104       0x33 Drivers/CMSIS/system_stm32f1xx.o
 .ARM.attributes
                0x00000137       0x33 Drivers/STM32F1xx_HAL_Driver/stm32f1xx_hal.o
 .ARM.attributes
                0x0000016a       0x33 Drivers/STM32F1xx_HAL_Driver/stm32f1xx_hal_cortex.o
 .ARM.attributes
                0x0000019d       0x33 Drivers/STM32F1xx_HAL_Driver/stm32f1xx_hal_gpio.o
 .ARM.attributes
                0x000001d0       0x33 Drivers/STM32F1xx_HAL_Driver/stm32f1xx_hal_rcc.o
 .ARM.attributes
                0x00000203       0x2d c:/ac6/systemworkbench/plugins/fr.ac6.mcu.externaltools.arm-none.win32_1.13.1.201701261202/tools/compiler/bin/../lib/gcc/arm-none-eabi/5.4.1/../../../../arm-none-eabi/lib/armv7-m\libc_nano.a(lib_a-init.o)
 .ARM.attributes
                0x00000230       0x1d c:/ac6/systemworkbench/plugins/fr.ac6.mcu.externaltools.arm-none.win32_1.13.1.201701261202/tools/compiler/bin/../lib/gcc/arm-none-eabi/5.4.1/armv7-m/crtn.o
OUTPUT(Blink.elf elf32-littlearm)

.debug_line     0x00000000     0x44fc
 .debug_line    0x00000000       0xa6 Application/SW4STM32/startup_stm32f103xb.o
 .debug_line    0x000000a6      0x790 Application/User/main.o
 .debug_line    0x00000836      0x73f Application/User/stm32f1xx_hal_msp.o
 .debug_line    0x00000f75      0x7c4 Application/User/stm32f1xx_it.o
 .debug_line    0x00001739      0x766 Drivers/CMSIS/system_stm32f1xx.o
 .debug_line    0x00001e9f      0x8a2 Drivers/STM32F1xx_HAL_Driver/stm32f1xx_hal.o
 .debug_line    0x00002741      0x8de Drivers/STM32F1xx_HAL_Driver/stm32f1xx_hal_cortex.o
 .debug_line    0x0000301f      0x8c8 Drivers/STM32F1xx_HAL_Driver/stm32f1xx_hal_gpio.o
 .debug_line    0x000038e7      0xc15 Drivers/STM32F1xx_HAL_Driver/stm32f1xx_hal_rcc.o

.debug_info     0x00000000     0x3d01
 .debug_info    0x00000000       0xae Application/SW4STM32/startup_stm32f103xb.o
 .debug_info    0x000000ae      0x73b Application/User/main.o
 .debug_info    0x000007e9      0x43a Application/User/stm32f1xx_hal_msp.o
 .debug_info    0x00000c23      0x174 Application/User/stm32f1xx_it.o
 .debug_info    0x00000d97      0x3eb Drivers/CMSIS/system_stm32f1xx.o
 .debug_info    0x00001182      0x699 Drivers/STM32F1xx_HAL_Driver/stm32f1xx_hal.o
 .debug_info    0x0000181b      0xc33 Drivers/STM32F1xx_HAL_Driver/stm32f1xx_hal_cortex.o
 .debug_info    0x0000244e      0x608 Drivers/STM32F1xx_HAL_Driver/stm32f1xx_hal_gpio.o
 .debug_info    0x00002a56     0x12ab Drivers/STM32F1xx_HAL_Driver/stm32f1xx_hal_rcc.o

.debug_abbrev   0x00000000      0xde4
 .debug_abbrev  0x00000000       0x12 Application/SW4STM32/startup_stm32f103xb.o
 .debug_abbrev  0x00000012      0x19c Application/User/main.o
 .debug_abbrev  0x000001ae      0x126 Application/User/stm32f1xx_hal_msp.o
 .debug_abbrev  0x000002d4       0xbb Application/User/stm32f1xx_it.o
 .debug_abbrev  0x0000038f      0x125 Drivers/CMSIS/system_stm32f1xx.o
 .debug_abbrev  0x000004b4      0x21f Drivers/STM32F1xx_HAL_Driver/stm32f1xx_hal.o
 .debug_abbrev  0x000006d3      0x2bd Drivers/STM32F1xx_HAL_Driver/stm32f1xx_hal_cortex.o
 .debug_abbrev  0x00000990      0x1cd Drivers/STM32F1xx_HAL_Driver/stm32f1xx_hal_gpio.o
 .debug_abbrev  0x00000b5d      0x287 Drivers/STM32F1xx_HAL_Driver/stm32f1xx_hal_rcc.o

.debug_aranges  0x00000000      0x328
 .debug_aranges
                0x00000000       0x28 Application/SW4STM32/startup_stm32f103xb.o
 .debug_aranges
                0x00000028       0x38 Application/User/main.o
 .debug_aranges
                0x00000060       0x20 Application/User/stm32f1xx_hal_msp.o
 .debug_aranges
                0x00000080       0x60 Application/User/stm32f1xx_it.o
 .debug_aranges
                0x000000e0       0x28 Drivers/CMSIS/system_stm32f1xx.o
 .debug_aranges
                0x00000108       0xb0 Drivers/STM32F1xx_HAL_Driver/stm32f1xx_hal.o
 .debug_aranges
                0x000001b8       0x90 Drivers/STM32F1xx_HAL_Driver/stm32f1xx_hal_cortex.o
 .debug_aranges
                0x00000248       0x58 Drivers/STM32F1xx_HAL_Driver/stm32f1xx_hal_gpio.o
 .debug_aranges
                0x000002a0       0x88 Drivers/STM32F1xx_HAL_Driver/stm32f1xx_hal_rcc.o

.debug_ranges   0x00000000      0x2a0
 .debug_ranges  0x00000000       0x20 Application/SW4STM32/startup_stm32f103xb.o
 .debug_ranges  0x00000020       0x28 Application/User/main.o
 .debug_ranges  0x00000048       0x10 Application/User/stm32f1xx_hal_msp.o
 .debug_ranges  0x00000058       0x50 Application/User/stm32f1xx_it.o
 .debug_ranges  0x000000a8       0x18 Drivers/CMSIS/system_stm32f1xx.o
 .debug_ranges  0x000000c0       0xa0 Drivers/STM32F1xx_HAL_Driver/stm32f1xx_hal.o
 .debug_ranges  0x00000160       0x80 Drivers/STM32F1xx_HAL_Driver/stm32f1xx_hal_cortex.o
 .debug_ranges  0x000001e0       0x48 Drivers/STM32F1xx_HAL_Driver/stm32f1xx_hal_gpio.o
 .debug_ranges  0x00000228       0x78 Drivers/STM32F1xx_HAL_Driver/stm32f1xx_hal_rcc.o

.debug_macro    0x00000000    0x177be
 .debug_macro   0x00000000      0x2c0 Application/User/main.o
 .debug_macro   0x000002c0      0x880 Application/User/main.o
 .debug_macro   0x00000b40       0x22 Application/User/main.o
 .debug_macro   0x00000b62      0x155 Application/User/main.o
 .debug_macro   0x00000cb7       0x2e Application/User/main.o
 .debug_macro   0x00000ce5       0x22 Application/User/main.o
 .debug_macro   0x00000d07       0x22 Application/User/main.o
 .debug_macro   0x00000d29       0x87 Application/User/main.o
 .debug_macro   0x00000db0       0x44 Application/User/main.o
 .debug_macro   0x00000df4       0xfd Application/User/main.o
 .debug_macro   0x00000ef1       0x5e Application/User/main.o
 .debug_macro   0x00000f4f      0x1df Application/User/main.o
 .debug_macro   0x0000112e       0x34 Application/User/main.o
 .debug_macro   0x00001162       0x34 Application/User/main.o
 .debug_macro   0x00001196      0xb8e Application/User/main.o
 .debug_macro   0x00001d24     0xf2f7 Application/User/main.o
 .debug_macro   0x0001101b       0x43 Application/User/main.o
 .debug_macro   0x0001105e     0x3383 Application/User/main.o
 .debug_macro   0x000143e1       0x52 Application/User/main.o
 .debug_macro   0x00014433       0x35 Application/User/main.o
 .debug_macro   0x00014468       0x9c Application/User/main.o
 .debug_macro   0x00014504       0x16 Application/User/main.o
 .debug_macro   0x0001451a       0x97 Application/User/main.o
 .debug_macro   0x000145b1      0x30d Application/User/main.o
 .debug_macro   0x000148be       0xfd Application/User/main.o
 .debug_macro   0x000149bb       0x10 Application/User/main.o
 .debug_macro   0x000149cb       0x52 Application/User/main.o
 .debug_macro   0x00014a1d       0x1f Application/User/main.o
 .debug_macro   0x00014a3c       0x43 Application/User/main.o
 .debug_macro   0x00014a7f       0x20 Application/User/main.o
 .debug_macro   0x00014a9f      0x187 Application/User/main.o
 .debug_macro   0x00014c26       0x10 Application/User/main.o
 .debug_macro   0x00014c36       0x1c Application/User/main.o
 .debug_macro   0x00014c52       0x52 Application/User/main.o
 .debug_macro   0x00014ca4       0x40 Application/User/main.o
 .debug_macro   0x00014ce4       0x10 Application/User/main.o
 .debug_macro   0x00014cf4       0x40 Application/User/main.o
 .debug_macro   0x00014d34       0xd7 Application/User/main.o
 .debug_macro   0x00014e0b       0x16 Application/User/main.o
 .debug_macro   0x00014e21      0x18b Application/User/main.o
 .debug_macro   0x00014fac       0x50 Application/User/main.o
 .debug_macro   0x00014ffc      0x778 Application/User/main.o
 .debug_macro   0x00015774      0x28b Application/User/main.o
 .debug_macro   0x000159ff      0x141 Application/User/main.o
 .debug_macro   0x00015b40      0x197 Application/User/main.o
 .debug_macro   0x00015cd7      0x1ae Application/User/main.o
 .debug_macro   0x00015e85       0x2d Application/User/main.o
 .debug_macro   0x00015eb2       0x3c Application/User/main.o
 .debug_macro   0x00015eee       0x57 Application/User/main.o
 .debug_macro   0x00015f45       0x8c Application/User/main.o
 .debug_macro   0x00015fd1      0x242 Application/User/main.o
 .debug_macro   0x00016213      0x143 Application/User/main.o
 .debug_macro   0x00016356       0x7c Application/User/main.o
 .debug_macro   0x000163d2      0x2bc Application/User/stm32f1xx_hal_msp.o
 .debug_macro   0x0001668e      0x2c6 Application/User/stm32f1xx_it.o
 .debug_macro   0x00016954      0x2c2 Drivers/CMSIS/system_stm32f1xx.o
 .debug_macro   0x00016c16      0x2e0 Drivers/STM32F1xx_HAL_Driver/stm32f1xx_hal.o
 .debug_macro   0x00016ef6      0x2bc Drivers/STM32F1xx_HAL_Driver/stm32f1xx_hal_cortex.o
 .debug_macro   0x000171b2      0x32c Drivers/STM32F1xx_HAL_Driver/stm32f1xx_hal_gpio.o
 .debug_macro   0x000174de      0x2e0 Drivers/STM32F1xx_HAL_Driver/stm32f1xx_hal_rcc.o

.debug_str      0x00000000    0x83d1b
 .debug_str     0x00000000    0x82ebb Application/User/main.o
                              0x83299 (size before relaxing)
 .debug_str     0x00082ebb       0x9a Application/User/stm32f1xx_hal_msp.o
                              0x8306d (size before relaxing)
 .debug_str     0x00082f55      0x103 Application/User/stm32f1xx_it.o
                              0x82d92 (size before relaxing)
 .debug_str     0x00083058      0x113 Drivers/CMSIS/system_stm32f1xx.o
                              0x82e0d (size before relaxing)
 .debug_str     0x0008316b      0x2c0 Drivers/STM32F1xx_HAL_Driver/stm32f1xx_hal.o
                              0x833f9 (size before relaxing)
 .debug_str     0x0008342b      0x278 Drivers/STM32F1xx_HAL_Driver/stm32f1xx_hal_cortex.o
                              0x833f7 (size before relaxing)
 .debug_str     0x000836a3      0x3d0 Drivers/STM32F1xx_HAL_Driver/stm32f1xx_hal_gpio.o
                              0x831dc (size before relaxing)
 .debug_str     0x00083a73      0x2a8 Drivers/STM32F1xx_HAL_Driver/stm32f1xx_hal_rcc.o
                              0x83247 (size before relaxing)

.comment        0x00000000       0x6e
 .comment       0x00000000       0x6e Application/User/main.o
                                 0x6f (size before relaxing)
 .comment       0x0000006e       0x6f Application/User/stm32f1xx_hal_msp.o
 .comment       0x0000006e       0x6f Application/User/stm32f1xx_it.o
 .comment       0x0000006e       0x6f Drivers/CMSIS/system_stm32f1xx.o
 .comment       0x0000006e       0x6f Drivers/STM32F1xx_HAL_Driver/stm32f1xx_hal.o
 .comment       0x0000006e       0x6f Drivers/STM32F1xx_HAL_Driver/stm32f1xx_hal_cortex.o
 .comment       0x0000006e       0x6f Drivers/STM32F1xx_HAL_Driver/stm32f1xx_hal_gpio.o
 .comment       0x0000006e       0x6f Drivers/STM32F1xx_HAL_Driver/stm32f1xx_hal_rcc.o

.debug_frame    0x00000000      0x64c
 .debug_frame   0x00000000       0x74 Application/User/main.o
 .debug_frame   0x00000074       0x2c Application/User/stm32f1xx_hal_msp.o
 .debug_frame   0x000000a0       0xa8 Application/User/stm32f1xx_it.o
 .debug_frame   0x00000148       0x30 Drivers/CMSIS/system_stm32f1xx.o
 .debug_frame   0x00000178      0x168 Drivers/STM32F1xx_HAL_Driver/stm32f1xx_hal.o
 .debug_frame   0x000002e0      0x124 Drivers/STM32F1xx_HAL_Driver/stm32f1xx_hal_cortex.o
 .debug_frame   0x00000404       0xc4 Drivers/STM32F1xx_HAL_Driver/stm32f1xx_hal_gpio.o
 .debug_frame   0x000004c8      0x158 Drivers/STM32F1xx_HAL_Driver/stm32f1xx_hal_rcc.o
 .debug_frame   0x00000620       0x2c c:/ac6/systemworkbench/plugins/fr.ac6.mcu.externaltools.arm-none.win32_1.13.1.201701261202/tools/compiler/bin/../lib/gcc/arm-none-eabi/5.4.1/../../../../arm-none-eabi/lib/armv7-m\libc_nano.a(lib_a-init.o)

.debug_loc      0x00000000     0x12e7
 .debug_loc     0x00000000       0xdf Drivers/CMSIS/system_stm32f1xx.o
 .debug_loc     0x000000df       0x81 Drivers/STM32F1xx_HAL_Driver/stm32f1xx_hal.o
 .debug_loc     0x00000160      0x527 Drivers/STM32F1xx_HAL_Driver/stm32f1xx_hal_cortex.o
 .debug_loc     0x00000687      0x377 Drivers/STM32F1xx_HAL_Driver/stm32f1xx_hal_gpio.o
 .debug_loc     0x000009fe      0x8e9 Drivers/STM32F1xx_HAL_Driver/stm32f1xx_hal_rcc.o
